// Jest Snapshot v1, https://goo.gl/fbAQLP

exports[`it should render as per given styles 1`] = `
<DocumentFragment>
  <div
    class="px-20 py-10"
    data-testid="astra-theme-container"
  />
</DocumentFragment>
`;
